src/App.tsx(122,9): error TS2353: Object literal may only specify known properties, and 'reward' does not exist in type '{ visible: boolean; result: "win" | "lose" | null; }'.
src/App.tsx(144,11): error TS2322: Type '{ player: Player; onCollect: () => void; onDevAction: () => void; onCloudSave: () => Promise<void>; onCloudLoad: () => Promise<void>; onSignOut: () => Promise<void>; currentUser: User | null; }' is not assignable to type 'IntrinsicAttributes & TopBarProps'.
  Property 'onCollect' does not exist on type 'IntrinsicAttributes & TopBarProps'.
src/App.tsx(191,15): error TS2322: Type '{ gameState: GameState; onChallenge: () => void; onCollect: () => void; }' is not assignable to type 'IntrinsicAttributes & MainScreenProps'.
  Property 'onChallenge' does not exist on type 'IntrinsicAttributes & MainScreenProps'. Did you mean 'autoChallenge'?
src/App.tsx(197,15): error TS2322: Type '{ gameState: GameState; onEquip: () => void; onUnequip: () => void; onAutoEquip: () => void; }' is not assignable to type 'IntrinsicAttributes & CharacterScreenProps'.
  Property 'gameState' does not exist on type 'IntrinsicAttributes & CharacterScreenProps'.
src/App.tsx(208,15): error TS2322: Type '{ gameState: GameState; onEquip: () => void; onSell: () => void; onSellByFilter: () => void; }' is not assignable to type 'IntrinsicAttributes & InventoryScreenProps'.
  Property 'onSellByFilter' does not exist on type 'IntrinsicAttributes & InventoryScreenProps'.
src/App.tsx(215,15): error TS2322: Type '{ gameState: GameState; onFightEnd: (result: "win" | "lose", finalPlayerHealth: number) => void; onFlee: () => void; autoChallenge: boolean; setAutoChallenge: Dispatch<SetStateAction<boolean>>; }' is not assignable to type 'IntrinsicAttributes & CombatScreenProps'.
  Property 'onFlee' does not exist on type 'IntrinsicAttributes & CombatScreenProps'.
src/App.tsx(227,15): error TS2322: Type '() => void' is not assignable to type '(times: number, isAutoSell: boolean) => { success: boolean; equipments: Equipment[]; totalGainGold?: number | undefined; }'.
  Type 'void' is not assignable to type '{ success: boolean; equipments: Equipment[]; totalGainGold?: number | undefined; }'.
src/App.tsx(228,15): error TS2322: Type '() => void' is not assignable to type '(times: number) => { success: boolean; results: any[]; message: string; }'.
  Type 'void' is not assignable to type '{ success: boolean; results: any[]; message: string; }'.
src/App.tsx(229,15): error TS2322: Type '() => void' is not assignable to type '(times: number) => { success: boolean; results: any[]; message: string; }'.
  Type 'void' is not assignable to type '{ success: boolean; results: any[]; message: string; }'.
src/App.tsx(235,15): error TS2322: Type '{ gameState: GameState; onEquipPet: () => void; onUpgradePetSlot: () => void; onBulkUpgradePetSlot: () => void; onUpgradePet: () => void; }' is not assignable to type 'IntrinsicAttributes & PetScreenProps'.
  Property 'onEquipPet' does not exist on type 'IntrinsicAttributes & PetScreenProps'. Did you mean 'equipPet'?
src/App.tsx(244,15): error TS2322: Type '{ gameState: GameState; onUnlock: () => void; onReroll: () => void; onLevelUp: () => void; }' is not assignable to type 'IntrinsicAttributes & MegaPetScreenProps'.
  Property 'onUnlock' does not exist on type 'IntrinsicAttributes & MegaPetScreenProps'.
src/App.tsx(252,15): error TS2322: Type '{ gameState: GameState; onUpgradeArtifact: () => void; onEquipArtifact: () => void; onUnequipArtifact: () => void; }' is not assignable to type 'IntrinsicAttributes & ArtifactScreenProps'.
  Property 'onUpgradeArtifact' does not exist on type 'IntrinsicAttributes & ArtifactScreenProps'. Did you mean 'upgradeArtifact'?
src/App.tsx(271,15): error TS2322: Type '{ player: Player; onAllocate: (attr: any) => { payload: "critDamage" | "critRate" | "health" | "attack" | "defense"; type: "game/allocatePoint"; }; }' is not assignable to type 'IntrinsicAttributes & AttributePanelProps'.
  Property 'onAllocate' does not exist on type 'IntrinsicAttributes & AttributePanelProps'.
src/App.tsx(271,28): error TS7006: Parameter 'attr' implicitly has an 'any' type.
src/App.tsx(283,3): error TS2304: Cannot find name 'useEffect'.
src/App.tsx(428,26): error TS2304: Cannot find name 'allocatePoint'.
src/App.tsx(488,91): error TS2304: Cannot find name 'getItemConfig'.
src/App.tsx(506,17): error TS2304: Cannot find name 'exchangeGoldForDiamonds'.
src/store/gameSlice.ts(2,40): error TS6133: 'Item' is declared but its value is never read.
src/store/gameSlice.ts(3,81): error TS6133: 'getArtifactEffectValue' is declared but its value is never read.
src/store/gameThunks.ts(181,64): error TS2339: Property '__isMissingTypePlaceholder' does not exist on type 'CaseReducerActions<{ setState(state: WritableNonArrayDraft<GameState>, action: { payload: Partial<GameState>; type: string; }): void; setPlayerState(state: WritableNonArrayDraft<...>, action: { ...; }): void; ... 32 more ...; rebirthSync(state: WritableNonArrayDraft<...>, action: { ...; }): void; }, "game">'.
src/utils/logic/enhance.ts(1,18): error TS6133: 'Equipment' is declared but its value is never read.
src/utils/logic/enhance.ts(2,34): error TS6133: 'getEnhancedStat' is declared but its value is never read.
